// Jest Snapshot v1, https://goo.gl/fbAQLP

exports[`generate text 1`] = `"function render(_ctx,_cache,$props,$setup,$data,$options) {return \\"rain\\""`;
